space space
<p>/--.<a href="http://texy.info/" title="The best text  → HTML converter and formatter">Texy!</a> te st \--</p>

<pre class="texy">te
st</pre>

<pre>0</pre>

<pre title="0"><code>0</code></pre>

<pre title="0" class="html"><code>te
st</code></pre>

<pre class="html"><code>te
st</code></pre>
Text mezi @notexy ..... a @ nebude Texy *formátovat*
<pre class="html"><code>&lt;p&gt;Text mezi @notexy ..... a @ nebude Texy &lt;em&gt;formátovat&lt;/em&gt;&lt;/p&gt;</code></pre>

<pre><code>function reImage($matches) {
  $content = $matches[1];
  $align = $matches[5];
  $href = $matches[6];
}
&amp;nbsp; &lt;br /&gt;
&amp;amp;amp;</code></pre>
Text mezi @notexy ..... a @ nebude Texy *formátovat*  <br />
Text mezi @notexy ..... a @ nebude Texy *formátovat*<br />
&amp;nbsp; &lt;br /&gt;
